
> frontend@0.0.0 build
> vite build

[36mvite v8.0.3 [32mbuilding client environment for production...[36m[39m
[2K
transforming...Γ£ô 2215 modules transformed.
rendering chunks...
computing gzip size...
dist/manifest.webmanifest                            0.52 kB
dist/index.html                                      1.44 kB Γöé gzip:   0.65 kB
dist/assets/index-DRibDUmd.css                     171.24 kB Γöé gzip:  27.39 kB
dist/assets/typeof-DmQ5kzpc.js                       0.27 kB Γöé gzip:   0.16 kB
dist/assets/chunk-DseTPa7n.js                        1.07 kB Γöé gzip:   0.61 kB
dist/assets/workbox-window.prod.es5-BJd1pjeW.js      5.74 kB Γöé gzip:   2.25 kB
dist/assets/purify.es-CAS97mBb.js                   22.43 kB Γöé gzip:   8.80 kB
dist/assets/index.es-BDC0zCcx.js                   150.96 kB Γöé gzip:  48.75 kB
dist/assets/html2canvas-BoIQOOY-.js                199.56 kB Γöé gzip:  46.78 kB
dist/assets/index-wwu3GQzR.js                    2,807.23 kB Γöé gzip: 827.67 kB

npm : [33m[plugin builtin:vite-reporter] 
En línea: 1 Carácter: 1
+ npm run build > build_output.txt 2>&1 ; cat build_output.txt
+ ~~~~~~~~~~~~~~~~~~~~~~~~~~~~~~~~~~~~~
    + CategoryInfo          : NotSpecified: ([33m[plugin builtin:vite-reporter] :String) [], Remo 
   teException
    + FullyQualifiedErrorId : NativeCommandError
 
(!) Some chunks are larger than 500 kB after minification. Consider:
- Using dynamic import() to code-split the application
- Use build.rolldownOptions.output.codeSplitting to improve chunking: 
https://rolldown.rs/reference/OutputOptions.codeSplitting
- Adjust chunk size limit for this warning via build.chunkSizeWarningLimit.[39m
[31mΓ£ù[39m Build failed in 6.19s

PWA v1.2.0
Building src/sw.js service worker ("es" format)...
[36mvite v8.0.3 [32mbuilding client environment for production...[36m[39m

[43m[30m WARN [39m[49m [36minlineDynamicImports[39m option is deprecated, please use 
[36mcodeSplitting: false[39m instead.

[2K
transforming...Γ£ô 54 modules transformed.
rendering chunks...
computing gzip size...
dist/sw.mjs  16.20 kB Γöé gzip: 5.54 kB

[32mΓ£ô built in 83ms[39m

PWA v1.2.0
mode      injectManifest
format:   es
precache  12 entries (3281.24 KiB)
files generated
  dist/sw.js
[31merror during build:
[31mBuild failed with 1 error:

Error: [vite]: Rolldown failed to resolve import "date-fns" from 
"C:/Users/Admin/Desktop/bagfm/frontend/src/pages/socio/HistorialAccesos.jsx".
This is most likely unintended because it can break your application at runtime.
If you do want to externalize this module explicitly add it to
`build.rollupOptions.external`
    at viteLog 
(file:///C:/Users/Admin/Desktop/bagfm/frontend/node_modules/vite/dist/node/chunks/node.js:32942:57)
    at 
file:///C:/Users/Admin/Desktop/bagfm/frontend/node_modules/vite/dist/node/chunks/node.js:32978:71
    at onwarn (file:///C:/Users/Admin/Desktop/bagfm/frontend/node_modules/@vitejs/plugin-react/dist
/index.js:40:7)
    at 
file:///C:/Users/Admin/Desktop/bagfm/frontend/node_modules/vite/dist/node/chunks/node.js:32978:28
    at onRollupLog 
(file:///C:/Users/Admin/Desktop/bagfm/frontend/node_modules/vite/dist/node/chunks/node.js:32973:63)
    at onLog 
(file:///C:/Users/Admin/Desktop/bagfm/frontend/node_modules/vite/dist/node/chunks/node.js:32743:4)
    at file:///C:/Users/Admin/Desktop/bagfm/frontend/node_modules/rolldown/dist/shared/rolldown-bui
ld-CPrIX9V6.mjs:49:26
    at logger (file:///C:/Users/Admin/Desktop/bagfm/frontend/node_modules/rolldown/dist/shared/roll
down-build-CPrIX9V6.mjs:40:3)
    at onLog (file:///C:/Users/Admin/Desktop/bagfm/frontend/node_modules/rolldown/dist/shared/bindi
ngify-input-options-e7ze4hPR.mjs:1972:32)[31m
    at aggregateBindingErrorsIntoJsError (file:///C:/Users/Admin/Desktop/bagfm/frontend/node_module
s/rolldown/dist/shared/error-BLhcSyeg.mjs:48:18)
    at unwrapBindingResult (file:///C:/Users/Admin/Desktop/bagfm/frontend/node_modules/rolldown/dis
t/shared/error-BLhcSyeg.mjs:18:128)
    at #build (file:///C:/Users/Admin/Desktop/bagfm/frontend/node_modules/rolldown/dist/shared/roll
down-build-CPrIX9V6.mjs:3313:34)
    at async buildEnvironment 
(file:///C:/Users/Admin/Desktop/bagfm/frontend/node_modules/vite/dist/node/chunks/node.js:32849:64)
    at async Object.build 
(file:///C:/Users/Admin/Desktop/bagfm/frontend/node_modules/vite/dist/node/chunks/node.js:33271:19)
    at async Object.buildApp (file:///C:/Users/Admin/Desktop/bagfm/frontend/node_modules/vite/dist/
node/chunks/node.js:33268:153)
    at async CAC.<anonymous> 
(file:///C:/Users/Admin/Desktop/bagfm/frontend/node_modules/vite/dist/node/cli.js:778:3) {
  errors: [Getter/Setter]
}[39m
